main.c:48:5:main	8	static
main.c:80:6:serial_plot_ecg_signal	16	static
main.c:90:6:serial_plot_rex	16	static
main.c:102:6:get_dft_output_mag	16	static
main.c:109:6:calc_sig_dft	56	static
main.c:135:13:plot_impulse_response	16	static
main.c:145:13:serial_plot_impulse_response	16	static
main.c:155:13:plot_input_signal	16	static
main.c:166:13:serial_plot_input_sig	16	static
main.c:175:13:serial_plot_output_sig	16	static
main.c:185:6:serial_plot_all	16	static
main.c:199:13:pseudo_dly	24	static
main.c:204:13:fpu_enable	4	static
