main.c:56:5:main	8	static
main.c:96:6:serial_plot_orig_sig_and_idft_sig	16	static
main.c:109:6:serial_plot_ecg_signal	16	static
main.c:119:6:serial_plot_rex	16	static
main.c:131:6:get_dft_output_mag	16	static
main.c:140:6:calc_sig_idft	48	static
main.c:186:6:calc_sig_dft	56	static
main.c:213:13:plot_impulse_response	16	static
main.c:223:13:serial_plot_impulse_response	16	static
main.c:233:13:plot_input_signal	16	static
main.c:244:13:serial_plot_input_sig	16	static
main.c:253:13:serial_plot_output_sig	16	static
main.c:263:6:serial_plot_all	16	static
main.c:277:13:pseudo_dly	24	static
main.c:282:13:fpu_enable	4	static
