09:29:10 **** Incremental Build of configuration Debug for project 23_MovingAverageFilter ****
make -j8 all 
arm-none-eabi-gcc "../Src/main.c" -mcpu=cortex-m4 -std=gnu11 -g3 -DDEBUG -DSTM32 -DSTM32F4 -DSTM32F411RETx -DSTM32F411xE -DARM_MATH_CM4 -D__FPU_PRESENT -c -I../Inc -I"C:/Users/Gaming Laptop RTX/Documents/DSP_On_Arm_Processors/23_MovingAverageFilter/chip_headers/CMSIS/Include" -I"C:/Users/Gaming Laptop RTX/Documents/DSP_On_Arm_Processors/23_MovingAverageFilter/chip_headers/CMSIS/Device/ST/STM32F4xx/Include" -I"C:/Users/Gaming Laptop RTX/Documents/DSP_On_Arm_Processors/23_MovingAverageFilter/chip_headers/CMSIS/DSP/Include" -O0 -ffunction-sections -fdata-sections -Wall -fstack-usage -MMD -MP -MF"Src/main.d" -MT"Src/main.o" --specs=nano.specs -mfpu=fpv4-sp-d16 -mfloat-abi=hard -mthumb -o "Src/main.o"
In file included from C:/Users/Gaming Laptop RTX/Documents/DSP_On_Arm_Processors/23_MovingAverageFilter/chip_headers/CMSIS/Device/ST/STM32F4xx/Include/stm32f4xx.h:155,
                 from ../Src/main.c:2:
C:/Users/Gaming Laptop RTX/Documents/DSP_On_Arm_Processors/23_MovingAverageFilter/chip_headers/CMSIS/Device/ST/STM32F4xx/Include/stm32f411xe.h:52: warning: "__FPU_PRESENT" redefined
   52 | #define __FPU_PRESENT             1U       /*!< FPU present                                   */
      | 
<command-line>: note: this is the location of the previous definition
../Src/main.c: In function 'main':
../Src/main.c:40:3: warning: implicit declaration of function 'clock_100MHz_config' [-Wimplicit-function-declaration]
   40 |   clock_100MHz_config();
      |   ^~~~~~~~~~~~~~~~~~~
At top level:
../Src/main.c:104:13: warning: 'serial_plot_input_sig' defined but not used [-Wunused-function]
  104 | static void serial_plot_input_sig(void)
      |             ^~~~~~~~~~~~~~~~~~~~~
../Src/main.c:94:13: warning: 'plot_input_signal' defined but not used [-Wunused-function]
   94 | static void plot_input_signal(void)
      |             ^~~~~~~~~~~~~~~~~
arm-none-eabi-gcc -o "23_MovingAverageFilter.elf" @"objects.list"  -larm_cortexM4lf_math -mcpu=cortex-m4 -T"C:\Users\Gaming Laptop RTX\Documents\DSP_On_Arm_Processors\23_MovingAverageFilter\STM32F411RETX_FLASH.ld" --specs=nosys.specs -Wl,-Map="23_MovingAverageFilter.map" -Wl,--gc-sections -static -Wl,--start-group -larm_cortexM4lf_math -Wl,--end-group -L"C:\Users\Gaming Laptop RTX\Documents\DSP_On_Arm_Processors\23_MovingAverageFilter\chip_headers\CMSIS\Lib\GCC" --specs=nano.specs -mfpu=fpv4-sp-d16 -mfloat-abi=hard -mthumb -u _printf_float -u _scanf_float -Wl,--start-group -lc -lm -Wl,--end-group
Finished building target: 23_MovingAverageFilter.elf
 
arm-none-eabi-objdump -h -S  23_MovingAverageFilter.elf  > "23_MovingAverageFilter.list"
arm-none-eabi-objcopy  -O binary  23_MovingAverageFilter.elf  "23_MovingAverageFilter.bin"
arm-none-eabi-size   23_MovingAverageFilter.elf 
   text	   data	    bss	    dec	    hex	filename
  24768	   1756	   2876	  29400	   72d8	23_MovingAverageFilter.elf
Finished building: default.size.stdout
 
Finished building: 23_MovingAverageFilter.bin
 
Finished building: 23_MovingAverageFilter.list
 

09:29:11 Build Finished. 0 errors, 4 warnings. (took 1s.316ms)

