09:35:33 **** Build of configuration Debug for project 31_SensorDataBlockProcessing-MovingAverage ****
make -j8 all 
arm-none-eabi-gcc -mcpu=cortex-m4 -g3 -c -x assembler-with-cpp -MMD -MP -MF"Startup/startup_stm32f411retx.d" -MT"Startup/startup_stm32f411retx.o" --specs=nano.specs -mfpu=fpv4-sp-d16 -mfloat-abi=hard -mthumb -o "Startup/startup_stm32f411retx.o" "../Startup/startup_stm32f411retx.s"
arm-none-eabi-gcc "../Src/adc.c" -mcpu=cortex-m4 -std=gnu11 -g3 -DDEBUG -DSTM32 -DSTM32F4 -DSTM32F411RETx -DSTM32F411xE -DARM_MATH_CM4 -D__FPU_PRESENT -c -I../Inc -I"C:/Users/Gaming Laptop RTX/Documents/DSP_On_Arm_Processors/31_SensorDataBlockProcessing-MovingAverage/chip_headers/CMSIS/Include" -I"C:/Users/Gaming Laptop RTX/Documents/DSP_On_Arm_Processors/31_SensorDataBlockProcessing-MovingAverage/chip_headers/CMSIS/Device/ST/STM32F4xx/Include" -I"C:/Users/Gaming Laptop RTX/Documents/DSP_On_Arm_Processors/31_SensorDataBlockProcessing-MovingAverage/chip_headers/CMSIS/DSP/Include" -O0 -ffunction-sections -fdata-sections -Wall -fstack-usage -MMD -MP -MF"Src/adc.d" -MT"Src/adc.o" --specs=nano.specs -mfpu=fpv4-sp-d16 -mfloat-abi=hard -mthumb -o "Src/adc.o"
arm-none-eabi-gcc "../Src/clock.c" -mcpu=cortex-m4 -std=gnu11 -g3 -DDEBUG -DSTM32 -DSTM32F4 -DSTM32F411RETx -DSTM32F411xE -DARM_MATH_CM4 -D__FPU_PRESENT -c -I../Inc -I"C:/Users/Gaming Laptop RTX/Documents/DSP_On_Arm_Processors/31_SensorDataBlockProcessing-MovingAverage/chip_headers/CMSIS/Include" -I"C:/Users/Gaming Laptop RTX/Documents/DSP_On_Arm_Processors/31_SensorDataBlockProcessing-MovingAverage/chip_headers/CMSIS/Device/ST/STM32F4xx/Include" -I"C:/Users/Gaming Laptop RTX/Documents/DSP_On_Arm_Processors/31_SensorDataBlockProcessing-MovingAverage/chip_headers/CMSIS/DSP/Include" -O0 -ffunction-sections -fdata-sections -Wall -fstack-usage -MMD -MP -MF"Src/clock.d" -MT"Src/clock.o" --specs=nano.specs -mfpu=fpv4-sp-d16 -mfloat-abi=hard -mthumb -o "Src/clock.o"
arm-none-eabi-gcc "../Src/fifo.c" -mcpu=cortex-m4 -std=gnu11 -g3 -DDEBUG -DSTM32 -DSTM32F4 -DSTM32F411RETx -DSTM32F411xE -DARM_MATH_CM4 -D__FPU_PRESENT -c -I../Inc -I"C:/Users/Gaming Laptop RTX/Documents/DSP_On_Arm_Processors/31_SensorDataBlockProcessing-MovingAverage/chip_headers/CMSIS/Include" -I"C:/Users/Gaming Laptop RTX/Documents/DSP_On_Arm_Processors/31_SensorDataBlockProcessing-MovingAverage/chip_headers/CMSIS/Device/ST/STM32F4xx/Include" -I"C:/Users/Gaming Laptop RTX/Documents/DSP_On_Arm_Processors/31_SensorDataBlockProcessing-MovingAverage/chip_headers/CMSIS/DSP/Include" -O0 -ffunction-sections -fdata-sections -Wall -fstack-usage -MMD -MP -MF"Src/fifo.d" -MT"Src/fifo.o" --specs=nano.specs -mfpu=fpv4-sp-d16 -mfloat-abi=hard -mthumb -o "Src/fifo.o"
arm-none-eabi-gcc "../Src/fir_filter.c" -mcpu=cortex-m4 -std=gnu11 -g3 -DDEBUG -DSTM32 -DSTM32F4 -DSTM32F411RETx -DSTM32F411xE -DARM_MATH_CM4 -D__FPU_PRESENT -c -I../Inc -I"C:/Users/Gaming Laptop RTX/Documents/DSP_On_Arm_Processors/31_SensorDataBlockProcessing-MovingAverage/chip_headers/CMSIS/Include" -I"C:/Users/Gaming Laptop RTX/Documents/DSP_On_Arm_Processors/31_SensorDataBlockProcessing-MovingAverage/chip_headers/CMSIS/Device/ST/STM32F4xx/Include" -I"C:/Users/Gaming Laptop RTX/Documents/DSP_On_Arm_Processors/31_SensorDataBlockProcessing-MovingAverage/chip_headers/CMSIS/DSP/Include" -O0 -ffunction-sections -fdata-sections -Wall -fstack-usage -MMD -MP -MF"Src/fir_filter.d" -MT"Src/fir_filter.o" --specs=nano.specs -mfpu=fpv4-sp-d16 -mfloat-abi=hard -mthumb -o "Src/fir_filter.o"
arm-none-eabi-gcc "../Src/main.c" -mcpu=cortex-m4 -std=gnu11 -g3 -DDEBUG -DSTM32 -DSTM32F4 -DSTM32F411RETx -DSTM32F411xE -DARM_MATH_CM4 -D__FPU_PRESENT -c -I../Inc -I"C:/Users/Gaming Laptop RTX/Documents/DSP_On_Arm_Processors/31_SensorDataBlockProcessing-MovingAverage/chip_headers/CMSIS/Include" -I"C:/Users/Gaming Laptop RTX/Documents/DSP_On_Arm_Processors/31_SensorDataBlockProcessing-MovingAverage/chip_headers/CMSIS/Device/ST/STM32F4xx/Include" -I"C:/Users/Gaming Laptop RTX/Documents/DSP_On_Arm_Processors/31_SensorDataBlockProcessing-MovingAverage/chip_headers/CMSIS/DSP/Include" -O0 -ffunction-sections -fdata-sections -Wall -fstack-usage -MMD -MP -MF"Src/main.d" -MT"Src/main.o" --specs=nano.specs -mfpu=fpv4-sp-d16 -mfloat-abi=hard -mthumb -o "Src/main.o"
arm-none-eabi-gcc "../Src/signals.c" -mcpu=cortex-m4 -std=gnu11 -g3 -DDEBUG -DSTM32 -DSTM32F4 -DSTM32F411RETx -DSTM32F411xE -DARM_MATH_CM4 -D__FPU_PRESENT -c -I../Inc -I"C:/Users/Gaming Laptop RTX/Documents/DSP_On_Arm_Processors/31_SensorDataBlockProcessing-MovingAverage/chip_headers/CMSIS/Include" -I"C:/Users/Gaming Laptop RTX/Documents/DSP_On_Arm_Processors/31_SensorDataBlockProcessing-MovingAverage/chip_headers/CMSIS/Device/ST/STM32F4xx/Include" -I"C:/Users/Gaming Laptop RTX/Documents/DSP_On_Arm_Processors/31_SensorDataBlockProcessing-MovingAverage/chip_headers/CMSIS/DSP/Include" -O0 -ffunction-sections -fdata-sections -Wall -fstack-usage -MMD -MP -MF"Src/signals.d" -MT"Src/signals.o" --specs=nano.specs -mfpu=fpv4-sp-d16 -mfloat-abi=hard -mthumb -o "Src/signals.o"
arm-none-eabi-gcc "../Src/syscalls.c" -mcpu=cortex-m4 -std=gnu11 -g3 -DDEBUG -DSTM32 -DSTM32F4 -DSTM32F411RETx -DSTM32F411xE -DARM_MATH_CM4 -D__FPU_PRESENT -c -I../Inc -I"C:/Users/Gaming Laptop RTX/Documents/DSP_On_Arm_Processors/31_SensorDataBlockProcessing-MovingAverage/chip_headers/CMSIS/Include" -I"C:/Users/Gaming Laptop RTX/Documents/DSP_On_Arm_Processors/31_SensorDataBlockProcessing-MovingAverage/chip_headers/CMSIS/Device/ST/STM32F4xx/Include" -I"C:/Users/Gaming Laptop RTX/Documents/DSP_On_Arm_Processors/31_SensorDataBlockProcessing-MovingAverage/chip_headers/CMSIS/DSP/Include" -O0 -ffunction-sections -fdata-sections -Wall -fstack-usage -MMD -MP -MF"Src/syscalls.d" -MT"Src/syscalls.o" --specs=nano.specs -mfpu=fpv4-sp-d16 -mfloat-abi=hard -mthumb -o "Src/syscalls.o"
In file included from C:/Users/Gaming Laptop RTX/Documents/DSP_On_Arm_Processors/31_SensorDataBlockProcessing-MovingAverage/chip_headers/CMSIS/Device/ST/STM32F4xx/Include/stm32f4xx.h:155,
                 from ../Inc/adc.h:4,
                 from ../Src/adc.c:1:
C:/Users/Gaming Laptop RTX/Documents/DSP_On_Arm_Processors/31_SensorDataBlockProcessing-MovingAverage/chip_headers/CMSIS/Device/ST/STM32F4xx/Include/stm32f411xe.h:52: warning: "__FPU_PRESENT" redefined
   52 | #define __FPU_PRESENT             1U       /*!< FPU present                                   */
      | 
<command-line>: note: this is the location of the previous definition
In file included from C:/Users/Gaming Laptop RTX/Documents/DSP_On_Arm_Processors/31_SensorDataBlockProcessing-MovingAverage/chip_headers/CMSIS/Device/ST/STM32F4xx/Include/stm32f4xx.h:155,
                 from ../Inc/clock.h:4,
                 from ../Src/clock.c:1:
C:/Users/Gaming Laptop RTX/Documents/DSP_On_Arm_Processors/31_SensorDataBlockProcessing-MovingAverage/chip_headers/CMSIS/Device/ST/STM32F4xx/Include/stm32f411xe.h:52: warning: "__FPU_PRESENT" redefined
   52 | #define __FPU_PRESENT             1U       /*!< FPU present                                   */
      | 
<command-line>: note: this is the location of the previous definition
In file included from C:/Users/Gaming Laptop RTX/Documents/DSP_On_Arm_Processors/31_SensorDataBlockProcessing-MovingAverage/chip_headers/CMSIS/Device/ST/STM32F4xx/Include/stm32f4xx.h:155,
                 from ../Src/main.c:2:
C:/Users/Gaming Laptop RTX/Documents/DSP_On_Arm_Processors/31_SensorDataBlockProcessing-MovingAverage/chip_headers/CMSIS/Device/ST/STM32F4xx/Include/stm32f411xe.h:52: warning: "__FPU_PRESENT" redefined
   52 | #define __FPU_PRESENT             1U       /*!< FPU present                                   */
      | 
<command-line>: note: this is the location of the previous definition
arm-none-eabi-gcc "../Src/sysmem.c" -mcpu=cortex-m4 -std=gnu11 -g3 -DDEBUG -DSTM32 -DSTM32F4 -DSTM32F411RETx -DSTM32F411xE -DARM_MATH_CM4 -D__FPU_PRESENT -c -I../Inc -I"C:/Users/Gaming Laptop RTX/Documents/DSP_On_Arm_Processors/31_SensorDataBlockProcessing-MovingAverage/chip_headers/CMSIS/Include" -I"C:/Users/Gaming Laptop RTX/Documents/DSP_On_Arm_Processors/31_SensorDataBlockProcessing-MovingAverage/chip_headers/CMSIS/Device/ST/STM32F4xx/Include" -I"C:/Users/Gaming Laptop RTX/Documents/DSP_On_Arm_Processors/31_SensorDataBlockProcessing-MovingAverage/chip_headers/CMSIS/DSP/Include" -O0 -ffunction-sections -fdata-sections -Wall -fstack-usage -MMD -MP -MF"Src/sysmem.d" -MT"Src/sysmem.o" --specs=nano.specs -mfpu=fpv4-sp-d16 -mfloat-abi=hard -mthumb -o "Src/sysmem.o"
arm-none-eabi-gcc "../Src/tim.c" -mcpu=cortex-m4 -std=gnu11 -g3 -DDEBUG -DSTM32 -DSTM32F4 -DSTM32F411RETx -DSTM32F411xE -DARM_MATH_CM4 -D__FPU_PRESENT -c -I../Inc -I"C:/Users/Gaming Laptop RTX/Documents/DSP_On_Arm_Processors/31_SensorDataBlockProcessing-MovingAverage/chip_headers/CMSIS/Include" -I"C:/Users/Gaming Laptop RTX/Documents/DSP_On_Arm_Processors/31_SensorDataBlockProcessing-MovingAverage/chip_headers/CMSIS/Device/ST/STM32F4xx/Include" -I"C:/Users/Gaming Laptop RTX/Documents/DSP_On_Arm_Processors/31_SensorDataBlockProcessing-MovingAverage/chip_headers/CMSIS/DSP/Include" -O0 -ffunction-sections -fdata-sections -Wall -fstack-usage -MMD -MP -MF"Src/tim.d" -MT"Src/tim.o" --specs=nano.specs -mfpu=fpv4-sp-d16 -mfloat-abi=hard -mthumb -o "Src/tim.o"
arm-none-eabi-gcc "../Src/uart.c" -mcpu=cortex-m4 -std=gnu11 -g3 -DDEBUG -DSTM32 -DSTM32F4 -DSTM32F411RETx -DSTM32F411xE -DARM_MATH_CM4 -D__FPU_PRESENT -c -I../Inc -I"C:/Users/Gaming Laptop RTX/Documents/DSP_On_Arm_Processors/31_SensorDataBlockProcessing-MovingAverage/chip_headers/CMSIS/Include" -I"C:/Users/Gaming Laptop RTX/Documents/DSP_On_Arm_Processors/31_SensorDataBlockProcessing-MovingAverage/chip_headers/CMSIS/Device/ST/STM32F4xx/Include" -I"C:/Users/Gaming Laptop RTX/Documents/DSP_On_Arm_Processors/31_SensorDataBlockProcessing-MovingAverage/chip_headers/CMSIS/DSP/Include" -O0 -ffunction-sections -fdata-sections -Wall -fstack-usage -MMD -MP -MF"Src/uart.d" -MT"Src/uart.o" --specs=nano.specs -mfpu=fpv4-sp-d16 -mfloat-abi=hard -mthumb -o "Src/uart.o"
../Src/main.c:172:13: warning: 'pseudo_dly' defined but not used [-Wunused-function]
  172 | static void pseudo_dly(int dly)
      |             ^~~~~~~~~~
In file included from C:/Users/Gaming Laptop RTX/Documents/DSP_On_Arm_Processors/31_SensorDataBlockProcessing-MovingAverage/chip_headers/CMSIS/Device/ST/STM32F4xx/Include/stm32f4xx.h:155,
                 from ../Inc/tim.h:4,
                 from ../Src/tim.c:1:
C:/Users/Gaming Laptop RTX/Documents/DSP_On_Arm_Processors/31_SensorDataBlockProcessing-MovingAverage/chip_headers/CMSIS/Device/ST/STM32F4xx/Include/stm32f411xe.h:52: warning: "__FPU_PRESENT" redefined
   52 | #define __FPU_PRESENT             1U       /*!< FPU present                                   */
      | 
<command-line>: note: this is the location of the previous definition
In file included from C:/Users/Gaming Laptop RTX/Documents/DSP_On_Arm_Processors/31_SensorDataBlockProcessing-MovingAverage/chip_headers/CMSIS/Device/ST/STM32F4xx/Include/stm32f4xx.h:155,
                 from ../Inc/uart.h:5,
                 from ../Src/uart.c:1:
C:/Users/Gaming Laptop RTX/Documents/DSP_On_Arm_Processors/31_SensorDataBlockProcessing-MovingAverage/chip_headers/CMSIS/Device/ST/STM32F4xx/Include/stm32f411xe.h:52: warning: "__FPU_PRESENT" redefined
   52 | #define __FPU_PRESENT             1U       /*!< FPU present                                   */
      | 
<command-line>: note: this is the location of the previous definition
arm-none-eabi-gcc -o "31_SensorDataBlockProcessing-MovingAverage.elf" @"objects.list"  -larm_cortexM4lf_math -mcpu=cortex-m4 -T"C:\Users\Gaming Laptop RTX\Documents\DSP_On_Arm_Processors\31_SensorDataBlockProcessing-MovingAverage\STM32F411RETX_FLASH.ld" --specs=nosys.specs -Wl,-Map="31_SensorDataBlockProcessing-MovingAverage.map" -Wl,--gc-sections -static -Wl,--start-group -larm_cortexM4lf_math -Wl,--end-group -L"C:\Users\Gaming Laptop RTX\Documents\DSP_On_Arm_Processors\31_SensorDataBlockProcessing-MovingAverage\chip_headers\CMSIS\Lib\GCC" --specs=nano.specs -mfpu=fpv4-sp-d16 -mfloat-abi=hard -mthumb -u _printf_float -u _scanf_float -Wl,--start-group -lc -lm -Wl,--end-group
Finished building target: 31_SensorDataBlockProcessing-MovingAverage.elf
 
arm-none-eabi-size   31_SensorDataBlockProcessing-MovingAverage.elf 
arm-none-eabi-objdump -h -S  31_SensorDataBlockProcessing-MovingAverage.elf  > "31_SensorDataBlockProcessing-MovingAverage.list"
arm-none-eabi-objcopy  -O binary  31_SensorDataBlockProcessing-MovingAverage.elf  "31_SensorDataBlockProcessing-MovingAverage.bin"
   text	   data	    bss	    dec	    hex	filename
  25520	    476	   5212	  31208	   79e8	31_SensorDataBlockProcessing-MovingAverage.elf
Finished building: default.size.stdout
 
Finished building: 31_SensorDataBlockProcessing-MovingAverage.bin
Finished building: 31_SensorDataBlockProcessing-MovingAverage.list
 
 
09:35:40 **** Incremental Build of configuration Debug for project 31_SensorDataBlockProcessing-MovingAverage ****
make -j8 all 
arm-none-eabi-size   31_SensorDataBlockProcessing-MovingAverage.elf 
   text	   data	    bss	    dec	    hex	filename
  25520	    476	   5212	  31208	   79e8	31_SensorDataBlockProcessing-MovingAverage.elf
Finished building: default.size.stdout
 
09:35:45 **** Incremental Build of configuration Debug for project 31_SensorDataBlockProcessing-MovingAverage ****
make -j8 all 
arm-none-eabi-size   31_SensorDataBlockProcessing-MovingAverage.elf 
   text	   data	    bss	    dec	    hex	filename
  25520	    476	   5212	  31208	   79e8	31_SensorDataBlockProcessing-MovingAverage.elf
Finished building: default.size.stdout
 
